------------------------------------------------------------
Timing Analyzer Summary
------------------------------------------------------------

Type  : Slow 1200mV 85C Model Setup 'KEY[1]'
Slack : -1.139
TNS   : -6.373

Type  : Slow 1200mV 85C Model Setup 'CLOCK_50'
Slack : -1.110
TNS   : -1.110

Type  : Slow 1200mV 85C Model Hold 'KEY[1]'
Slack : 0.402
TNS   : 0.000

Type  : Slow 1200mV 85C Model Hold 'CLOCK_50'
Slack : 1.040
TNS   : 0.000

Type  : Slow 1200mV 85C Model Recovery 'KEY[1]'
Slack : -0.918
TNS   : -7.344

Type  : Slow 1200mV 85C Model Removal 'KEY[1]'
Slack : 1.204
TNS   : 0.000

Type  : Slow 1200mV 85C Model Minimum Pulse Width 'KEY[1]'
Slack : -3.000
TNS   : -13.280

Type  : Slow 1200mV 85C Model Minimum Pulse Width 'CLOCK_50'
Slack : -3.000
TNS   : -5.570

Type  : Slow 1200mV 0C Model Setup 'CLOCK_50'
Slack : -0.933
TNS   : -0.933

Type  : Slow 1200mV 0C Model Setup 'KEY[1]'
Slack : -0.929
TNS   : -5.034

Type  : Slow 1200mV 0C Model Hold 'KEY[1]'
Slack : 0.354
TNS   : 0.000

Type  : Slow 1200mV 0C Model Hold 'CLOCK_50'
Slack : 0.957
TNS   : 0.000

Type  : Slow 1200mV 0C Model Recovery 'KEY[1]'
Slack : -0.893
TNS   : -7.144

Type  : Slow 1200mV 0C Model Removal 'KEY[1]'
Slack : 1.225
TNS   : 0.000

Type  : Slow 1200mV 0C Model Minimum Pulse Width 'KEY[1]'
Slack : -3.000
TNS   : -13.280

Type  : Slow 1200mV 0C Model Minimum Pulse Width 'CLOCK_50'
Slack : -3.000
TNS   : -5.570

Type  : Fast 1200mV 0C Model Setup 'CLOCK_50'
Slack : -0.628
TNS   : -0.628

Type  : Fast 1200mV 0C Model Setup 'KEY[1]'
Slack : -0.045
TNS   : -0.054

Type  : Fast 1200mV 0C Model Hold 'KEY[1]'
Slack : 0.181
TNS   : 0.000

Type  : Fast 1200mV 0C Model Hold 'CLOCK_50'
Slack : 0.450
TNS   : 0.000

Type  : Fast 1200mV 0C Model Recovery 'KEY[1]'
Slack : 0.244
TNS   : 0.000

Type  : Fast 1200mV 0C Model Removal 'KEY[1]'
Slack : 0.365
TNS   : 0.000

Type  : Fast 1200mV 0C Model Minimum Pulse Width 'KEY[1]'
Slack : -3.000
TNS   : -11.952

Type  : Fast 1200mV 0C Model Minimum Pulse Width 'CLOCK_50'
Slack : -3.000
TNS   : -5.190

------------------------------------------------------------
