------------------------------------------------------------
Timing Analyzer Summary
------------------------------------------------------------

Type  : Slow 1200mV 85C Model Setup 'processador:Processinho|UnidadeControle:UC|outULA[0]'
Slack : -9.208
TNS   : -33.369

Type  : Slow 1200mV 85C Model Setup 'processador:Processinho|UnidadeControle:UC|outDemux'
Slack : -4.346
TNS   : -16.879

Type  : Slow 1200mV 85C Model Setup 'CLOCK_50'
Slack : -3.309
TNS   : -194.154

Type  : Slow 1200mV 85C Model Setup 'rom:ROM0|altsyncram:content_rtl_0|altsyncram_hl41:auto_generated|ram_block1a0~porta_address_reg0'
Slack : -0.665
TNS   : -0.665

Type  : Slow 1200mV 85C Model Hold 'rom:ROM0|altsyncram:content_rtl_0|altsyncram_hl41:auto_generated|ram_block1a0~porta_address_reg0'
Slack : 0.235
TNS   : 0.000

Type  : Slow 1200mV 85C Model Hold 'CLOCK_50'
Slack : 0.347
TNS   : 0.000

Type  : Slow 1200mV 85C Model Hold 'processador:Processinho|UnidadeControle:UC|outULA[0]'
Slack : 0.554
TNS   : 0.000

Type  : Slow 1200mV 85C Model Hold 'processador:Processinho|UnidadeControle:UC|outDemux'
Slack : 1.148
TNS   : 0.000

Type  : Slow 1200mV 85C Model Minimum Pulse Width 'CLOCK_50'
Slack : -3.000
TNS   : -125.321

Type  : Slow 1200mV 85C Model Minimum Pulse Width 'processador:Processinho|UnidadeControle:UC|outULA[0]'
Slack : 0.413
TNS   : 0.000

Type  : Slow 1200mV 85C Model Minimum Pulse Width 'rom:ROM0|altsyncram:content_rtl_0|altsyncram_hl41:auto_generated|ram_block1a0~porta_address_reg0'
Slack : 0.465
TNS   : 0.000

Type  : Slow 1200mV 85C Model Minimum Pulse Width 'processador:Processinho|UnidadeControle:UC|outDemux'
Slack : 0.477
TNS   : 0.000

Type  : Slow 1200mV 0C Model Setup 'processador:Processinho|UnidadeControle:UC|outULA[0]'
Slack : -8.365
TNS   : -30.395

Type  : Slow 1200mV 0C Model Setup 'processador:Processinho|UnidadeControle:UC|outDemux'
Slack : -4.038
TNS   : -15.593

Type  : Slow 1200mV 0C Model Setup 'CLOCK_50'
Slack : -2.942
TNS   : -168.816

Type  : Slow 1200mV 0C Model Setup 'rom:ROM0|altsyncram:content_rtl_0|altsyncram_hl41:auto_generated|ram_block1a0~porta_address_reg0'
Slack : -0.580
TNS   : -0.580

Type  : Slow 1200mV 0C Model Hold 'rom:ROM0|altsyncram:content_rtl_0|altsyncram_hl41:auto_generated|ram_block1a0~porta_address_reg0'
Slack : 0.161
TNS   : 0.000

Type  : Slow 1200mV 0C Model Hold 'CLOCK_50'
Slack : 0.322
TNS   : 0.000

Type  : Slow 1200mV 0C Model Hold 'processador:Processinho|UnidadeControle:UC|outULA[0]'
Slack : 0.460
TNS   : 0.000

Type  : Slow 1200mV 0C Model Hold 'processador:Processinho|UnidadeControle:UC|outDemux'
Slack : 1.086
TNS   : 0.000

Type  : Slow 1200mV 0C Model Minimum Pulse Width 'CLOCK_50'
Slack : -3.000
TNS   : -125.272

Type  : Slow 1200mV 0C Model Minimum Pulse Width 'rom:ROM0|altsyncram:content_rtl_0|altsyncram_hl41:auto_generated|ram_block1a0~porta_address_reg0'
Slack : 0.419
TNS   : 0.000

Type  : Slow 1200mV 0C Model Minimum Pulse Width 'processador:Processinho|UnidadeControle:UC|outDemux'
Slack : 0.446
TNS   : 0.000

Type  : Slow 1200mV 0C Model Minimum Pulse Width 'processador:Processinho|UnidadeControle:UC|outULA[0]'
Slack : 0.453
TNS   : 0.000

Type  : Fast 1200mV 0C Model Setup 'processador:Processinho|UnidadeControle:UC|outULA[0]'
Slack : -3.907
TNS   : -13.610

Type  : Fast 1200mV 0C Model Setup 'processador:Processinho|UnidadeControle:UC|outDemux'
Slack : -1.869
TNS   : -7.158

Type  : Fast 1200mV 0C Model Setup 'CLOCK_50'
Slack : -1.083
TNS   : -50.877

Type  : Fast 1200mV 0C Model Setup 'rom:ROM0|altsyncram:content_rtl_0|altsyncram_hl41:auto_generated|ram_block1a0~porta_address_reg0'
Slack : -0.206
TNS   : -0.206

Type  : Fast 1200mV 0C Model Hold 'CLOCK_50'
Slack : -0.168
TNS   : -1.032

Type  : Fast 1200mV 0C Model Hold 'processador:Processinho|UnidadeControle:UC|outDemux'
Slack : 0.098
TNS   : 0.000

Type  : Fast 1200mV 0C Model Hold 'processador:Processinho|UnidadeControle:UC|outULA[0]'
Slack : 0.298
TNS   : 0.000

Type  : Fast 1200mV 0C Model Hold 'rom:ROM0|altsyncram:content_rtl_0|altsyncram_hl41:auto_generated|ram_block1a0~porta_address_reg0'
Slack : 0.330
TNS   : 0.000

Type  : Fast 1200mV 0C Model Minimum Pulse Width 'CLOCK_50'
Slack : -3.000
TNS   : -123.773

Type  : Fast 1200mV 0C Model Minimum Pulse Width 'processador:Processinho|UnidadeControle:UC|outULA[0]'
Slack : 0.285
TNS   : 0.000

Type  : Fast 1200mV 0C Model Minimum Pulse Width 'rom:ROM0|altsyncram:content_rtl_0|altsyncram_hl41:auto_generated|ram_block1a0~porta_address_reg0'
Slack : 0.409
TNS   : 0.000

Type  : Fast 1200mV 0C Model Minimum Pulse Width 'processador:Processinho|UnidadeControle:UC|outDemux'
Slack : 0.441
TNS   : 0.000

------------------------------------------------------------
