------------------------------------------------------------
Timing Analyzer Summary
------------------------------------------------------------

Type  : Slow 1200mV 85C Model Setup 'tick'
Slack : -5.143
TNS   : -191.484

Type  : Slow 1200mV 85C Model Setup 'processador:Processinho|flip_flop:PC|data_out[0]~_Duplicate_1'
Slack : -3.983
TNS   : -11.494

Type  : Slow 1200mV 85C Model Setup 'CLOCK_50'
Slack : -3.890
TNS   : -52.666

Type  : Slow 1200mV 85C Model Hold 'processador:Processinho|flip_flop:PC|data_out[0]~_Duplicate_1'
Slack : 0.258
TNS   : 0.000

Type  : Slow 1200mV 85C Model Hold 'tick'
Slack : 0.445
TNS   : 0.000

Type  : Slow 1200mV 85C Model Hold 'CLOCK_50'
Slack : 0.641
TNS   : 0.000

Type  : Slow 1200mV 85C Model Minimum Pulse Width 'CLOCK_50'
Slack : -3.000
TNS   : -37.695

Type  : Slow 1200mV 85C Model Minimum Pulse Width 'tick'
Slack : -1.285
TNS   : -62.965

Type  : Slow 1200mV 85C Model Minimum Pulse Width 'processador:Processinho|flip_flop:PC|data_out[0]~_Duplicate_1'
Slack : -0.354
TNS   : -5.501

Type  : Slow 1200mV 0C Model Setup 'tick'
Slack : -4.658
TNS   : -174.560

Type  : Slow 1200mV 0C Model Setup 'processador:Processinho|flip_flop:PC|data_out[0]~_Duplicate_1'
Slack : -3.586
TNS   : -10.346

Type  : Slow 1200mV 0C Model Setup 'CLOCK_50'
Slack : -3.569
TNS   : -44.976

Type  : Slow 1200mV 0C Model Hold 'processador:Processinho|flip_flop:PC|data_out[0]~_Duplicate_1'
Slack : 0.271
TNS   : 0.000

Type  : Slow 1200mV 0C Model Hold 'tick'
Slack : 0.367
TNS   : 0.000

Type  : Slow 1200mV 0C Model Hold 'CLOCK_50'
Slack : 0.586
TNS   : 0.000

Type  : Slow 1200mV 0C Model Minimum Pulse Width 'CLOCK_50'
Slack : -3.000
TNS   : -37.695

Type  : Slow 1200mV 0C Model Minimum Pulse Width 'tick'
Slack : -1.285
TNS   : -62.965

Type  : Slow 1200mV 0C Model Minimum Pulse Width 'processador:Processinho|flip_flop:PC|data_out[0]~_Duplicate_1'
Slack : -0.282
TNS   : -4.180

Type  : Fast 1200mV 0C Model Setup 'tick'
Slack : -2.094
TNS   : -70.280

Type  : Fast 1200mV 0C Model Setup 'processador:Processinho|flip_flop:PC|data_out[0]~_Duplicate_1'
Slack : -1.536
TNS   : -4.323

Type  : Fast 1200mV 0C Model Setup 'CLOCK_50'
Slack : -1.507
TNS   : -13.256

Type  : Fast 1200mV 0C Model Hold 'tick'
Slack : 0.056
TNS   : 0.000

Type  : Fast 1200mV 0C Model Hold 'processador:Processinho|flip_flop:PC|data_out[0]~_Duplicate_1'
Slack : 0.105
TNS   : 0.000

Type  : Fast 1200mV 0C Model Hold 'CLOCK_50'
Slack : 0.292
TNS   : 0.000

Type  : Fast 1200mV 0C Model Minimum Pulse Width 'CLOCK_50'
Slack : -3.000
TNS   : -37.918

Type  : Fast 1200mV 0C Model Minimum Pulse Width 'tick'
Slack : -1.000
TNS   : -49.000

Type  : Fast 1200mV 0C Model Minimum Pulse Width 'processador:Processinho|flip_flop:PC|data_out[0]~_Duplicate_1'
Slack : -0.048
TNS   : -0.296

------------------------------------------------------------
