------------------------------------------------------------
Timing Analyzer Summary
------------------------------------------------------------

Type  : Slow 1200mV 85C Model Setup 'CLOCK_50'
Slack : -5.273
TNS   : -210.204

Type  : Slow 1200mV 85C Model Setup 'tick'
Slack : -5.252
TNS   : -98.265

Type  : Slow 1200mV 85C Model Setup 'processador:Processinho|flip_flop:PC|data_out[0]~_Duplicate_1'
Slack : -3.840
TNS   : -8.667

Type  : Slow 1200mV 85C Model Hold 'CLOCK_50'
Slack : 0.405
TNS   : 0.000

Type  : Slow 1200mV 85C Model Hold 'processador:Processinho|flip_flop:PC|data_out[0]~_Duplicate_1'
Slack : 0.481
TNS   : 0.000

Type  : Slow 1200mV 85C Model Hold 'tick'
Slack : 0.697
TNS   : 0.000

Type  : Slow 1200mV 85C Model Minimum Pulse Width 'CLOCK_50'
Slack : -3.000
TNS   : -116.080

Type  : Slow 1200mV 85C Model Minimum Pulse Width 'tick'
Slack : -1.285
TNS   : -25.700

Type  : Slow 1200mV 85C Model Minimum Pulse Width 'processador:Processinho|flip_flop:PC|data_out[0]~_Duplicate_1'
Slack : -0.187
TNS   : -2.077

Type  : Slow 1200mV 0C Model Setup 'CLOCK_50'
Slack : -4.878
TNS   : -182.956

Type  : Slow 1200mV 0C Model Setup 'tick'
Slack : -4.863
TNS   : -88.685

Type  : Slow 1200mV 0C Model Setup 'processador:Processinho|flip_flop:PC|data_out[0]~_Duplicate_1'
Slack : -3.570
TNS   : -8.092

Type  : Slow 1200mV 0C Model Hold 'CLOCK_50'
Slack : 0.357
TNS   : 0.000

Type  : Slow 1200mV 0C Model Hold 'processador:Processinho|flip_flop:PC|data_out[0]~_Duplicate_1'
Slack : 0.445
TNS   : 0.000

Type  : Slow 1200mV 0C Model Hold 'tick'
Slack : 0.637
TNS   : 0.000

Type  : Slow 1200mV 0C Model Minimum Pulse Width 'CLOCK_50'
Slack : -3.000
TNS   : -116.080

Type  : Slow 1200mV 0C Model Minimum Pulse Width 'tick'
Slack : -1.285
TNS   : -25.700

Type  : Slow 1200mV 0C Model Minimum Pulse Width 'processador:Processinho|flip_flop:PC|data_out[0]~_Duplicate_1'
Slack : -0.130
TNS   : -1.281

Type  : Fast 1200mV 0C Model Setup 'tick'
Slack : -2.682
TNS   : -44.145

Type  : Fast 1200mV 0C Model Setup 'CLOCK_50'
Slack : -2.265
TNS   : -60.830

Type  : Fast 1200mV 0C Model Setup 'processador:Processinho|flip_flop:PC|data_out[0]~_Duplicate_1'
Slack : -1.374
TNS   : -2.874

Type  : Fast 1200mV 0C Model Hold 'processador:Processinho|flip_flop:PC|data_out[0]~_Duplicate_1'
Slack : 0.071
TNS   : 0.000

Type  : Fast 1200mV 0C Model Hold 'CLOCK_50'
Slack : 0.184
TNS   : 0.000

Type  : Fast 1200mV 0C Model Hold 'tick'
Slack : 0.320
TNS   : 0.000

Type  : Fast 1200mV 0C Model Minimum Pulse Width 'CLOCK_50'
Slack : -3.000
TNS   : -116.425

Type  : Fast 1200mV 0C Model Minimum Pulse Width 'tick'
Slack : -1.000
TNS   : -20.000

Type  : Fast 1200mV 0C Model Minimum Pulse Width 'processador:Processinho|flip_flop:PC|data_out[0]~_Duplicate_1'
Slack : 0.105
TNS   : 0.000

------------------------------------------------------------
